2026-09-29 00:13:09,644 [INFO] Generating Facility Metadata (facilities, buildings, locations, assets)...
2026-09-29 00:13:09,708 [INFO] Facility Metadata generated successfully.
2026-09-29 00:13:09,708 [INFO] Generating Campus Events Schedule (events.csv)...
2026-09-29 00:13:09,711 [INFO] Events Schedule generated successfully.
2026-09-29 00:13:09,711 [INFO] Generating 15-minute Weather Readings (weather_readings.csv)...
2026-09-29 00:14:14,154 [INFO] Generating Facility Metadata (facilities, buildings, locations, assets)...
2026-09-29 00:14:14,175 [INFO] Facility Metadata generated successfully.
2026-09-29 00:14:14,175 [INFO] Generating Campus Events Schedule (events.csv)...
2026-09-29 00:14:14,177 [INFO] Events Schedule generated successfully.
2026-09-29 00:14:14,178 [INFO] Generating 15-minute Weather Readings (weather_readings.csv)...
2026-09-29 00:14:14,541 [INFO] Weather readings generated successfully (17280 rows).
2026-09-29 00:14:14,542 [INFO] Generating 15-minute Occupancy Readings (occupancy_readings.csv)...
2026-09-29 00:14:19,187 [INFO] Occupancy readings generated successfully (172800 rows).
2026-09-29 00:14:19,189 [INFO] Generating 15-minute Energy Readings (energy_readings.csv)...
2026-09-29 00:14:30,021 [INFO] Energy readings generated successfully (172800 rows).
2026-09-29 00:14:30,085 [INFO] Generating 15-minute Water Readings (water_readings.csv)...
2026-09-29 00:14:41,092 [INFO] Water readings generated successfully (172800 rows).
2026-09-29 00:14:41,132 [INFO] Generating Waste Bins, Collection Events, and Fill Readings...
2026-09-29 00:15:40,775 [INFO] Waste readings generated successfully (483840 rows, 1327 collection events).
2026-09-29 00:15:40,788 [INFO] Generating 15-minute Air Quality Readings (air_quality_readings.csv)...
2026-09-29 00:15:46,184 [INFO] Air Quality readings generated successfully (120960 rows).
2026-09-29 00:15:46,221 [INFO] Generating 15-minute Traffic Readings (traffic_readings.csv)...
2026-09-29 00:15:50,871 [INFO] Traffic readings generated successfully (103680 rows).
2026-09-29 00:15:50,879 [INFO] Generating 15-minute Parking Readings (parking_readings.csv)...
2026-09-29 00:15:53,858 [INFO] Parking readings generated successfully (69120 rows).
2026-09-29 00:15:53,866 [INFO] Generating 15-minute Equipment Sensor Readings (equipment_sensor_readings.csv)...
2026-09-29 00:16:52,424 [INFO] Equipment sensor readings generated successfully (604800 rows, 162 maintenance events).
2026-09-29 00:16:52,588 [INFO] Generating Sparse Safety Incidents (safety_incidents.csv)...
2026-09-29 00:16:52,827 [INFO] Safety incidents generated successfully (19 sparse events).
2026-09-29 00:16:52,827 [INFO] Generating 15-minute Emissions Records (emissions.csv)...
2026-09-29 00:16:53,763 [INFO] Emissions records generated successfully (35416 rows).
2026-09-29 00:16:53,767 [INFO] Injecting Realistic Anomaly Scenarios & Ground-Truth Labels...
2026-09-29 00:16:58,462 [INFO] Energy anomalies injected successfully.
2026-09-29 00:17:02,749 [INFO] Water anomalies injected successfully.
2026-09-29 00:17:19,358 [INFO] Equipment anomalies injected successfully.
2026-09-29 00:17:19,369 [INFO] Building ML-ready datasets in data/ml/ with lag features and future targets...
2026-09-29 00:17:25,353 [INFO] Saved ML dataset: energy_forecasting.csv (171800 rows)
2026-09-29 00:17:30,414 [INFO] Saved ML dataset: water_anomaly.csv (172720 rows)
2026-09-29 00:17:44,244 [INFO] Saved ML dataset: waste_overflow.csv (483728 rows)
2026-09-29 00:17:46,383 [INFO] Saved ML dataset: traffic_prediction.csv (103632 rows)
2026-09-29 00:18:04,020 [INFO] Saved ML dataset: equipment_failure.csv (604765 rows)
2026-09-29 00:18:04,067 [INFO] Running Data Validation Checks & Generating Quality Reports...
2026-09-29 00:18:08,700 [INFO] Validation checks PASSED 100%%. Quality reports written to reports/.
2026-09-29 00:18:08,710 [INFO] Generating Data Dictionary (data_dictionary.csv)...
2026-09-29 00:18:08,716 [INFO] Data dictionary saved to data_dictionary.csv.
2026-09-29 00:18:08,716 [INFO] Building SQLite database (facility.db)...
2026-09-29 00:18:08,748 [INFO] Imported table 'facilities' (1 rows) into facility.db
2026-09-29 00:18:08,760 [INFO] Imported table 'buildings' (10 rows) into facility.db
2026-09-29 00:18:08,769 [INFO] Imported table 'locations' (7 rows) into facility.db
2026-09-29 00:18:08,781 [INFO] Imported table 'assets' (35 rows) into facility.db
2026-09-29 00:18:08,792 [INFO] Imported table 'events' (5 rows) into facility.db
2026-09-29 00:18:08,870 [INFO] Imported table 'weather_readings' (17280 rows) into facility.db
2026-09-29 00:18:09,464 [INFO] Imported table 'occupancy_readings' (172800 rows) into facility.db
2026-09-29 00:18:10,469 [INFO] Imported table 'energy_readings' (172800 rows) into facility.db
2026-09-29 00:18:11,319 [INFO] Imported table 'water_readings' (172800 rows) into facility.db
2026-09-29 00:18:14,022 [INFO] Imported table 'waste_readings' (483840 rows) into facility.db
2026-09-29 00:18:14,735 [INFO] Imported table 'air_quality_readings' (120960 rows) into facility.db
2026-09-29 00:18:15,182 [INFO] Imported table 'traffic_readings' (103680 rows) into facility.db
2026-09-29 00:18:15,491 [INFO] Imported table 'parking_readings' (69120 rows) into facility.db
2026-09-29 00:18:18,987 [INFO] Imported table 'equipment_sensor_readings' (604800 rows) into facility.db
2026-09-29 00:18:19,001 [INFO] Imported table 'safety_incidents' (19 rows) into facility.db
2026-09-29 00:18:19,180 [INFO] Imported table 'emissions' (35416 rows) into facility.db
2026-09-29 00:18:19,182 [INFO] SQLite database built successfully at facility.db.
2026-09-29 01:06:23,677 [INFO] Generating Facility Metadata (facilities, buildings, locations, assets)...
2026-09-29 01:06:23,705 [INFO] Facility Metadata generated successfully.
2026-09-29 01:06:23,709 [INFO] Generating Campus Events Schedule (events.csv)...
2026-09-29 01:06:23,715 [INFO] Events Schedule generated successfully.
2026-09-29 01:06:23,716 [INFO] Generating 15-minute Weather Readings (weather_readings.csv)...
2026-09-29 01:06:24,087 [INFO] Weather readings generated successfully (17280 rows).
2026-09-29 01:06:24,088 [INFO] Generating 15-minute Occupancy Readings (occupancy_readings.csv)...
2026-09-29 01:06:28,917 [INFO] Occupancy readings generated successfully (172800 rows).
2026-09-29 01:06:28,919 [INFO] Generating 15-minute Energy Readings (energy_readings.csv)...
2026-09-29 01:06:40,768 [INFO] Energy readings generated successfully (172800 rows).
2026-09-29 01:06:40,822 [INFO] Generating 15-minute Water Readings (water_readings.csv)...
2026-09-29 01:06:51,843 [INFO] Water readings generated successfully (172800 rows).
2026-09-29 01:06:51,878 [INFO] Generating Waste Bins, Collection Events, and Fill Readings...
2026-09-29 01:07:48,952 [INFO] Waste readings generated successfully (483840 rows, 1327 collection events).
2026-09-29 01:07:48,961 [INFO] Generating 15-minute Air Quality Readings (air_quality_readings.csv)...
2026-09-29 01:07:54,014 [INFO] Air Quality readings generated successfully (120960 rows).
2026-09-29 01:07:54,043 [INFO] Generating 15-minute Traffic Readings (traffic_readings.csv)...
2026-09-29 01:07:58,211 [INFO] Traffic readings generated successfully (103680 rows).
2026-09-29 01:07:58,217 [INFO] Generating 15-minute Parking Readings (parking_readings.csv)...
2026-09-29 01:08:01,323 [INFO] Parking readings generated successfully (69120 rows).
2026-09-29 01:08:01,330 [INFO] Generating 15-minute Equipment Sensor Readings (equipment_sensor_readings.csv)...
2026-09-29 01:09:05,416 [INFO] Equipment sensor readings generated successfully (604800 rows, 162 maintenance events).
2026-09-29 01:09:05,587 [INFO] Generating Sparse Safety Incidents (safety_incidents.csv)...
2026-09-29 01:09:05,824 [INFO] Safety incidents generated successfully (19 sparse events).
2026-09-29 01:09:05,824 [INFO] Generating 15-minute Emissions Records (emissions.csv)...
2026-09-29 01:09:06,748 [INFO] Emissions records generated successfully (35416 rows).
2026-09-29 01:09:06,753 [INFO] Injecting Realistic Anomaly Scenarios & Ground-Truth Labels...
2026-09-29 01:09:11,638 [INFO] Energy anomalies injected successfully.
2026-09-29 01:09:16,207 [INFO] Water anomalies injected successfully.
2026-09-29 01:09:28,764 [INFO] Equipment anomalies injected successfully.
2026-09-29 01:09:28,771 [INFO] Building ML-ready datasets in data/ml/ with lag features and future targets...
2026-09-29 01:09:32,180 [INFO] Saved ML dataset: energy_forecasting.csv (171800 rows)
2026-09-29 01:09:35,105 [INFO] Saved ML dataset: water_anomaly.csv (172720 rows)
2026-09-29 01:09:43,400 [INFO] Saved ML dataset: waste_overflow.csv (483728 rows)
2026-09-29 01:09:44,720 [INFO] Saved ML dataset: traffic_prediction.csv (103632 rows)
2026-09-29 01:09:55,513 [INFO] Saved ML dataset: equipment_failure.csv (604765 rows)
2026-09-29 01:09:55,549 [INFO] Running Data Validation Checks & Generating Quality Reports...
2026-09-29 01:09:58,377 [INFO] Validation checks PASSED 100%%. Quality reports written to reports/.
2026-09-29 01:09:58,384 [INFO] Generating Data Dictionary (data_dictionary.csv)...
2026-09-29 01:09:58,387 [INFO] Data dictionary saved to data_dictionary.csv.
2026-09-29 01:09:58,389 [INFO] Building SQLite database (facility.db)...
2026-09-29 01:09:58,407 [INFO] Imported table 'facilities' (1 rows) into facility.db
2026-09-29 01:09:58,419 [INFO] Imported table 'buildings' (10 rows) into facility.db
2026-09-29 01:09:58,425 [INFO] Imported table 'locations' (7 rows) into facility.db
2026-09-29 01:09:58,432 [INFO] Imported table 'assets' (35 rows) into facility.db
2026-09-29 01:09:58,443 [INFO] Imported table 'events' (5 rows) into facility.db
2026-09-29 01:09:58,499 [INFO] Imported table 'weather_readings' (17280 rows) into facility.db
2026-09-29 01:09:58,918 [INFO] Imported table 'occupancy_readings' (172800 rows) into facility.db
2026-09-29 01:09:59,580 [INFO] Imported table 'energy_readings' (172800 rows) into facility.db
2026-09-29 01:10:00,141 [INFO] Imported table 'water_readings' (172800 rows) into facility.db
2026-09-29 01:10:02,137 [INFO] Imported table 'waste_readings' (483840 rows) into facility.db
2026-09-29 01:10:02,676 [INFO] Imported table 'air_quality_readings' (120960 rows) into facility.db
2026-09-29 01:10:03,008 [INFO] Imported table 'traffic_readings' (103680 rows) into facility.db
2026-09-29 01:10:03,228 [INFO] Imported table 'parking_readings' (69120 rows) into facility.db
2026-09-29 01:10:05,725 [INFO] Imported table 'equipment_sensor_readings' (604800 rows) into facility.db
2026-09-29 01:10:05,740 [INFO] Imported table 'safety_incidents' (19 rows) into facility.db
2026-09-29 01:10:05,870 [INFO] Imported table 'emissions' (35416 rows) into facility.db
2026-09-29 01:10:05,872 [INFO] SQLite database built successfully at facility.db.
2026-10-02 19:35:27,092 [INFO] Generating Facility Metadata (facilities, buildings, locations, assets)...
2026-10-02 19:35:27,116 [INFO] Facility Metadata generated successfully.
2026-10-02 19:35:27,116 [INFO] Generating Campus Events Schedule (events.csv)...
2026-10-02 19:35:27,120 [INFO] Events Schedule generated successfully.
2026-10-02 19:35:27,120 [INFO] Generating 15-minute Weather Readings (weather_readings.csv)...
2026-10-02 19:35:27,338 [INFO] Weather readings generated successfully (17280 rows).
2026-10-02 19:35:27,339 [INFO] Generating 15-minute Occupancy Readings (occupancy_readings.csv)...
2026-10-02 19:35:30,424 [INFO] Occupancy readings generated successfully (172800 rows).
2026-10-02 19:35:30,425 [INFO] Generating 15-minute Energy Readings (energy_readings.csv)...
2026-10-02 19:35:40,455 [INFO] Energy readings generated successfully (172800 rows).
2026-10-02 19:35:40,500 [INFO] Generating 15-minute Water Readings (water_readings.csv)...
2026-10-02 19:35:51,510 [INFO] Water readings generated successfully (172800 rows).
2026-10-02 19:35:51,548 [INFO] Generating Waste Bins, Collection Events, and Fill Readings...
2026-10-02 19:36:29,632 [INFO] Waste readings generated successfully (483840 rows, 1327 collection events).
2026-10-02 19:36:29,637 [INFO] Generating 15-minute Air Quality Readings (air_quality_readings.csv)...
2026-10-02 19:36:33,002 [INFO] Air Quality readings generated successfully (120960 rows).
2026-10-02 19:36:33,022 [INFO] Generating 15-minute Traffic Readings (traffic_readings.csv)...
2026-10-02 19:36:35,803 [INFO] Traffic readings generated successfully (103680 rows).
2026-10-02 19:36:35,807 [INFO] Generating 15-minute Parking Readings (parking_readings.csv)...
2026-10-02 19:36:37,728 [INFO] Parking readings generated successfully (69120 rows).
2026-10-02 19:36:37,735 [INFO] Generating 15-minute Equipment Sensor Readings (equipment_sensor_readings.csv)...
2026-10-02 19:37:25,018 [INFO] Equipment sensor readings generated successfully (604800 rows, 162 maintenance events).
2026-10-02 19:37:25,151 [INFO] Generating Sparse Safety Incidents (safety_incidents.csv)...
2026-10-02 19:37:25,349 [INFO] Safety incidents generated successfully (19 sparse events).
2026-10-02 19:37:25,349 [INFO] Generating 15-minute Emissions Records (emissions.csv)...
2026-10-02 19:37:25,986 [INFO] Emissions records generated successfully (35416 rows).
2026-10-02 19:37:25,988 [INFO] Injecting Realistic Anomaly Scenarios & Ground-Truth Labels...
2026-10-02 19:37:29,082 [INFO] Energy anomalies injected successfully.
2026-10-02 19:37:31,896 [INFO] Water anomalies injected successfully.
2026-10-02 19:37:42,237 [INFO] Equipment anomalies injected successfully.
2026-10-02 19:37:42,241 [INFO] Building ML-ready datasets in data/ml/ with lag features and future targets...
2026-10-02 19:37:46,092 [INFO] Saved ML dataset: energy_forecasting.csv (171800 rows)
2026-10-02 19:37:49,164 [INFO] Saved ML dataset: water_anomaly.csv (172720 rows)
2026-10-02 19:37:57,698 [INFO] Saved ML dataset: waste_overflow.csv (483728 rows)
2026-10-02 19:37:59,004 [INFO] Saved ML dataset: traffic_prediction.csv (103632 rows)
2026-10-02 19:38:10,311 [INFO] Saved ML dataset: equipment_failure.csv (604765 rows)
2026-10-02 19:38:10,339 [INFO] Running Data Validation Checks & Generating Quality Reports...
2026-10-02 19:38:13,450 [INFO] Validation checks PASSED 100%%. Quality reports written to reports/.
2026-10-02 19:38:13,454 [INFO] Generating Data Dictionary (data_dictionary.csv)...
2026-10-02 19:38:13,455 [INFO] Data dictionary saved to data_dictionary.csv.
2026-10-02 19:38:13,455 [INFO] Building SQLite database (facility.db)...
2026-10-02 19:38:13,471 [INFO] Imported table 'facilities' (1 rows) into facility.db
2026-10-02 19:38:13,479 [INFO] Imported table 'buildings' (10 rows) into facility.db
2026-10-02 19:38:13,490 [INFO] Imported table 'locations' (7 rows) into facility.db
2026-10-02 19:38:13,496 [INFO] Imported table 'assets' (35 rows) into facility.db
2026-10-02 19:38:13,503 [INFO] Imported table 'events' (5 rows) into facility.db
2026-10-02 19:38:13,591 [INFO] Imported table 'weather_readings' (17280 rows) into facility.db
2026-10-02 19:38:14,281 [INFO] Imported table 'occupancy_readings' (172800 rows) into facility.db
2026-10-02 19:38:15,995 [INFO] Imported table 'energy_readings' (172800 rows) into facility.db
2026-10-02 19:38:17,625 [INFO] Imported table 'water_readings' (172800 rows) into facility.db
2026-10-02 19:38:25,349 [INFO] Imported table 'waste_readings' (483840 rows) into facility.db
2026-10-02 19:38:27,652 [INFO] Imported table 'air_quality_readings' (120960 rows) into facility.db
2026-10-02 19:38:28,428 [INFO] Imported table 'traffic_readings' (103680 rows) into facility.db
2026-10-02 19:38:28,994 [INFO] Imported table 'parking_readings' (69120 rows) into facility.db
2026-10-02 19:38:34,333 [INFO] Imported table 'equipment_sensor_readings' (604800 rows) into facility.db
2026-10-02 19:38:34,348 [INFO] Imported table 'safety_incidents' (19 rows) into facility.db
2026-10-02 19:38:34,554 [INFO] Imported table 'emissions' (35416 rows) into facility.db
2026-10-02 19:38:34,555 [INFO] SQLite database built successfully at facility.db.
2026-10-09 03:15:55,386 [INFO] Running master generation with parameters: days=365, start_date=2026-01-01, frequency=15min, seed=42
2026-10-09 03:15:55,388 [INFO] Generating Facility Metadata (facilities, buildings, locations, assets)...
2026-10-09 03:15:55,418 [INFO] Facility Metadata generated successfully.
2026-10-09 03:15:55,418 [INFO] Generating Campus Events Schedule (events.csv)...
2026-10-09 03:15:55,421 [INFO] Events Schedule generated successfully.
2026-10-09 03:15:55,421 [INFO] Generating 15-minute Weather Readings (weather_readings.csv)...
2026-10-09 03:15:56,118 [INFO] Weather readings generated successfully (35040 rows).
2026-10-09 03:15:56,119 [INFO] Generating 15-minute Occupancy Readings (occupancy_readings.csv)...
2026-10-09 03:16:05,310 [INFO] Occupancy readings generated successfully (350400 rows).
2026-10-09 03:16:05,315 [INFO] Generating 15-minute Energy Readings (energy_readings.csv)...
2026-10-09 03:16:28,684 [INFO] Energy readings generated successfully (350400 rows).
2026-10-09 03:16:28,844 [INFO] Generating 15-minute Water Readings (water_readings.csv)...
2026-10-09 03:16:50,326 [INFO] Water readings generated successfully (350400 rows).
2026-10-09 03:16:50,404 [INFO] Generating Waste Bins, Collection Events, and Fill Readings...
2026-10-09 03:18:50,804 [INFO] Waste readings generated successfully (981120 rows, 2695 collection events).
2026-10-09 03:18:50,816 [INFO] Generating 15-minute Air Quality Readings (air_quality_readings.csv)...
2026-10-09 03:19:01,278 [INFO] Air Quality readings generated successfully (245280 rows).
2026-10-09 03:19:01,358 [INFO] Generating 15-minute Traffic Readings (traffic_readings.csv)...
2026-10-09 03:19:10,564 [INFO] Traffic readings generated successfully (210240 rows).
2026-10-09 03:19:10,584 [INFO] Generating 15-minute Parking Readings (parking_readings.csv)...
2026-10-09 03:19:17,515 [INFO] Parking readings generated successfully (140160 rows).
2026-10-09 03:19:17,532 [INFO] Generating 15-minute Equipment Sensor Readings (equipment_sensor_readings.csv)...
2026-10-09 03:21:47,723 [INFO] Equipment sensor readings generated successfully (1226400 rows, 278 maintenance events).
2026-10-09 03:21:48,757 [INFO] Generating Sparse Safety Incidents (safety_incidents.csv)...
2026-10-09 03:21:50,188 [INFO] Safety incidents generated successfully (55 sparse events).
2026-10-09 03:21:50,189 [INFO] Generating 15-minute Emissions Records (emissions.csv)...
2026-10-09 03:21:55,028 [INFO] Emissions records generated successfully (71848 rows).
2026-10-09 03:21:55,043 [INFO] Injecting Realistic Anomaly Scenarios & Ground-Truth Labels...
2026-10-09 03:22:15,022 [INFO] Energy anomalies injected successfully.
2026-10-09 03:22:24,889 [INFO] Water anomalies injected successfully.
2026-10-09 03:23:07,819 [INFO] Equipment anomalies injected successfully.
2026-10-09 03:23:07,846 [INFO] Building ML-ready datasets in data/ml/ with lag features and future targets...
2026-10-09 03:23:31,165 [INFO] Saved ML dataset: energy_forecasting.csv (349400 rows)
2026-10-09 03:23:41,517 [INFO] Saved ML dataset: water_anomaly.csv (350320 rows)
2026-10-09 03:24:09,459 [INFO] Saved ML dataset: waste_overflow.csv (981008 rows)
2026-10-09 03:24:13,948 [INFO] Saved ML dataset: traffic_prediction.csv (210192 rows)
2026-10-09 03:24:53,550 [INFO] Saved ML dataset: equipment_failure.csv (1226365 rows)
2026-10-09 03:24:53,638 [INFO] Running Data Validation Checks & Generating Quality Reports...
2026-10-09 03:25:08,171 [INFO] Validation checks PASSED 100%%. Quality reports written to reports/.
2026-10-09 03:25:08,200 [INFO] Generating Data Dictionary (data_dictionary.csv)...
2026-10-09 03:25:08,207 [INFO] Data dictionary saved to data_dictionary.csv.
2026-10-09 03:25:08,208 [INFO] Building SQLite database (facility.db)...
2026-10-09 03:25:08,266 [INFO] Imported table 'facilities' (1 rows) into facility.db
2026-10-09 03:25:08,303 [INFO] Imported table 'buildings' (10 rows) into facility.db
2026-10-09 03:25:08,340 [INFO] Imported table 'locations' (7 rows) into facility.db
2026-10-09 03:25:08,361 [INFO] Imported table 'assets' (35 rows) into facility.db
2026-10-09 03:25:08,392 [INFO] Imported table 'events' (5 rows) into facility.db
2026-10-09 03:25:08,699 [INFO] Imported table 'weather_readings' (35040 rows) into facility.db
2026-10-09 03:25:11,009 [INFO] Imported table 'occupancy_readings' (350400 rows) into facility.db
2026-10-09 03:25:15,124 [INFO] Imported table 'energy_readings' (350400 rows) into facility.db
2026-10-09 03:25:18,913 [INFO] Imported table 'water_readings' (350400 rows) into facility.db
2026-10-09 03:25:31,590 [INFO] Imported table 'waste_readings' (981120 rows) into facility.db
2026-10-09 03:25:34,648 [INFO] Imported table 'air_quality_readings' (245280 rows) into facility.db
2026-10-09 03:25:36,588 [INFO] Imported table 'traffic_readings' (210240 rows) into facility.db
2026-10-09 03:25:37,972 [INFO] Imported table 'parking_readings' (140160 rows) into facility.db
2026-10-09 03:25:48,309 [INFO] Imported table 'equipment_sensor_readings' (1226400 rows) into facility.db
2026-10-09 03:25:48,365 [INFO] Imported table 'safety_incidents' (55 rows) into facility.db
2026-10-09 03:25:48,775 [INFO] Imported table 'emissions' (71848 rows) into facility.db
2026-10-09 03:25:48,777 [INFO] SQLite database built successfully at facility.db.
